-- cidr check
DROP TABLE IF EXISTS cidrtmp;
CREATE TABLE cidrtmp AS
  SELECT cidr(a) AS a FROM inettmp ;
CREATE INDEX cidridx ON cidrtmp USING gist ( a ) WITH(buffering = on);
SET enable_seqscan=off;
SELECT count(*) FROM cidrtmp WHERE a <  '121.111.63.82'::cidr;
 count 
-------
   290
(1 row)

SELECT count(*) FROM cidrtmp WHERE a <= '121.111.63.82'::cidr;
 count 
-------
   291
(1 row)

SELECT count(*) FROM cidrtmp WHERE a  = '121.111.63.82'::cidr;
 count 
-------
     1
(1 row)

SELECT count(*) FROM cidrtmp WHERE a >= '121.111.63.82'::cidr;
 count 
-------
   310
(1 row)

SELECT count(*) FROM cidrtmp WHERE a >  '121.111.63.82'::cidr;
 count 
-------
   309
(1 row)

