-- enum check
DROP TABLE IF EXISTS enumtmp;
CREATE TABLE enumtmp (a rainbow);
\copy enumtmp from 'data/enum.data'
CREATE INDEX enumidx ON enumtmp USING gist ( a ) WITH(buffering = on);
SET enable_seqscan=off;
SELECT count(*) FROM enumtmp WHERE a <  'g'::rainbow;
 count 
-------
   227
(1 row)

SELECT count(*) FROM enumtmp WHERE a <= 'g'::rainbow;
 count 
-------
   302
(1 row)

SELECT count(*) FROM enumtmp WHERE a  = 'g'::rainbow;
 count 
-------
    75
(1 row)

SELECT count(*) FROM enumtmp WHERE a >= 'g'::rainbow;
 count 
-------
   305
(1 row)

SELECT count(*) FROM enumtmp WHERE a >  'g'::rainbow;
 count 
-------
   230
(1 row)

EXPLAIN (COSTS OFF)
SELECT count(*) FROM enumtmp WHERE a >= 'g'::rainbow;
                  QUERY PLAN                   
-----------------------------------------------
 Aggregate
   ->  Bitmap Heap Scan on enumtmp
         Recheck Cond: (a >= 'g'::rainbow)
         ->  Bitmap Index Scan on enumidx
               Index Cond: (a >= 'g'::rainbow)
(5 rows)

