-- int4 check
DROP TABLE IF EXISTS int4tmp;
CREATE TABLE int4tmp (a int4);
\copy int4tmp from 'data/int2.data'
CREATE INDEX int4idx ON int4tmp USING gist ( a ) WITH(buffering = on);
SET enable_seqscan=off;
SELECT count(*) FROM int4tmp WHERE a <  237::int4;
 count 
-------
   297
(1 row)

SELECT count(*) FROM int4tmp WHERE a <= 237::int4;
 count 
-------
   298
(1 row)

SELECT count(*) FROM int4tmp WHERE a  = 237::int4;
 count 
-------
     1
(1 row)

SELECT count(*) FROM int4tmp WHERE a >= 237::int4;
 count 
-------
   249
(1 row)

SELECT count(*) FROM int4tmp WHERE a >  237::int4;
 count 
-------
   248
(1 row)

EXPLAIN (COSTS OFF)
SELECT a, a <-> '237' FROM int4tmp ORDER BY a <-> '237' LIMIT 3;
                   QUERY PLAN                   
------------------------------------------------
 Limit
   ->  Index Only Scan using int4idx on int4tmp
         Order By: (a <-> 237)
(3 rows)

SELECT a, a <-> '237' FROM int4tmp ORDER BY a <-> '237' LIMIT 3;
  a  | ?column? 
-----+----------
 237 |        0
 232 |        5
 228 |        9
(3 rows)

